2025-10-15 10:16:00,727 - INFO - ================================================================================
2025-10-15 10:16:00,727 - INFO - COVERAGE GAP INVESTIGATION
2025-10-15 10:16:00,727 - INFO - ================================================================================
2025-10-15 10:16:00,727 - INFO - 
Analyzing why we're missing 26.6% of expected filers...
2025-10-15 10:16:00,727 - INFO - ================================================================================
2025-10-15 10:16:00,727 - INFO - 1. PUMS POPULATION ANALYSIS
2025-10-15 10:16:00,727 - INFO - ================================================================================
2025-10-15 10:16:01,618 - INFO - 
Raw PUMS Data:
2025-10-15 10:16:01,618 - INFO -   Total persons (unweighted): 73,352
2025-10-15 10:16:01,618 - INFO -   Total households (unweighted): 31,970
2025-10-15 10:16:01,621 - INFO - 
Weighted PUMS Data:
2025-10-15 10:16:01,621 - INFO -   Total persons (weighted): 1,450,589
2025-10-15 10:16:01,621 - INFO -   Total households (weighted): 560,873
2025-10-15 10:16:01,670 - INFO - 
Adult Population:
2025-10-15 10:16:01,670 - INFO -   Total adults (unweighted): 59,719
2025-10-15 10:16:01,670 - INFO -   Total adults (weighted): 1,145,448
2025-10-15 10:16:01,670 - INFO - 
Comparison to SOI:
2025-10-15 10:16:01,670 - INFO -   SOI 2022 total filers:             635,117
2025-10-15 10:16:01,670 - INFO -   PUMS adults (weighted):          1,145,448
2025-10-15 10:16:01,670 - INFO -   Current tax units:                 466,355
2025-10-15 10:16:01,670 - INFO -   Gap (SOI - current):               168,762
2025-10-15 10:16:01,670 - INFO -   Coverage rate:                      73.4%
2025-10-15 10:16:01,670 - INFO -   Adults per filer (expected):         1.80
2025-10-15 10:16:01,670 - INFO -   Adults per tax unit (actual):        2.46
2025-10-15 10:16:01,670 - INFO - 
✅ PUMS has enough adults (1,145,448) for SOI filers (635,117)
2025-10-15 10:16:01,670 - INFO -    Surplus: 510,331 adults
2025-10-15 10:16:01,678 - INFO - 
================================================================================
2025-10-15 10:16:01,679 - INFO - 2. HOUSEHOLD CAP ANALYSIS
2025-10-15 10:16:01,679 - INFO - ================================================================================
2025-10-15 10:16:02,697 - INFO - 
Adults per Household Distribution:
2025-10-15 10:16:02,697 - INFO - Adults       Households    % of HH  Potential Tax Units
2025-10-15 10:16:02,697 - INFO - --------------------------------------------------------------------------------
2025-10-15 10:16:02,698 - INFO - 1                10,498      36.5%               10,498 (capped: 10,498)
2025-10-15 10:16:02,699 - INFO - 2                11,620      40.4%               23,240 (capped: 23,240)
2025-10-15 10:16:02,699 - INFO - 3                 3,500      12.2%               10,500 (capped: 7,000)
2025-10-15 10:16:02,699 - INFO - 4                 1,762       6.1%                7,048 (capped: 3,524)
2025-10-15 10:16:02,699 - INFO - 5                   721       2.5%                3,605 (capped: 1,442)
2025-10-15 10:16:02,699 - INFO - 6                   328       1.1%                1,968 (capped: 656)
2025-10-15 10:16:02,699 - INFO - 7                   151       0.5%                1,057 (capped: 302)
2025-10-15 10:16:02,700 - INFO - 8                    78       0.3%                  624 (capped: 156)
2025-10-15 10:16:02,700 - INFO - 9                    50       0.2%                  450 (capped: 100)
2025-10-15 10:16:02,700 - INFO - 10                   32       0.1%                  320 (capped: 64)
2025-10-15 10:16:02,700 - INFO - 11                   14       0.0%                  154 (capped: 28)
2025-10-15 10:16:02,700 - INFO - 12                    9       0.0%                  108 (capped: 18)
2025-10-15 10:16:02,700 - INFO - 13                    3       0.0%                   39 (capped: 6)
2025-10-15 10:16:02,700 - INFO - 14                    2       0.0%                   28 (capped: 4)
2025-10-15 10:16:02,700 - INFO - 15                    2       0.0%                   30 (capped: 4)
2025-10-15 10:16:02,700 - INFO - 16                    1       0.0%                   16 (capped: 2)
2025-10-15 10:16:02,700 - INFO - 17                    2       0.0%                   34 (capped: 4)
2025-10-15 10:16:02,700 - INFO - --------------------------------------------------------------------------------
2025-10-15 10:16:02,700 - INFO - TOTAL            28,773     100.0%               59,719 (capped: 47,048)
2025-10-15 10:16:02,734 - INFO - 

Weighted Analysis:
2025-10-15 10:16:02,734 - INFO - Adults         Weighted HH    Potential Units    Capped Units      Lost Units
2025-10-15 10:16:02,734 - INFO - --------------------------------------------------------------------------------
2025-10-15 10:16:02,737 - INFO - 1                  134,876            134,876         134,876               0
2025-10-15 10:16:02,738 - INFO - 2                  227,229            454,458         454,458               0
2025-10-15 10:16:02,739 - INFO - 3                   65,153            195,459         130,306          65,153
2025-10-15 10:16:02,740 - INFO - 4                   32,010            128,040          64,020          64,020
2025-10-15 10:16:02,741 - INFO - 5                   13,127             65,635          26,254          39,381
2025-10-15 10:16:02,742 - INFO - 6                    5,278             31,668          10,556          21,112
2025-10-15 10:16:02,743 - INFO - 7                    2,909             20,363           5,818          14,545
2025-10-15 10:16:02,744 - INFO - 8                    1,447             11,576           2,894           8,682
2025-10-15 10:16:02,744 - INFO - 9                      747              6,723           1,494           5,229
2025-10-15 10:16:02,745 - INFO - 10                     589              5,890           1,178           4,712
2025-10-15 10:16:02,746 - INFO - 11                     266              2,926             532           2,394
2025-10-15 10:16:02,746 - INFO - 12                     132              1,584             264           1,320
2025-10-15 10:16:02,747 - INFO - 13                      43                559              86             473
2025-10-15 10:16:02,748 - INFO - 14                      20                280              40             240
2025-10-15 10:16:02,749 - INFO - 15                       8                120              16             104
2025-10-15 10:16:02,750 - INFO - 16                      22                352              44             308
2025-10-15 10:16:02,750 - INFO - 17                      27                459              54             405
2025-10-15 10:16:02,750 - INFO - --------------------------------------------------------------------------------
2025-10-15 10:16:02,750 - INFO - TOTAL              560,873          1,060,968         832,890         228,078
2025-10-15 10:16:02,750 - INFO - 

Household Cap Impact:
2025-10-15 10:16:02,750 - INFO -   Potential tax units (if no cap):     1,060,968
2025-10-15 10:16:02,750 - INFO -   Capped tax units (max 2 per HH):       832,890
2025-10-15 10:16:02,750 - INFO -   Lost due to cap:                       228,078 (21.5%)
2025-10-15 10:16:02,751 - INFO - 

Households with >2 Adults:
2025-10-15 10:16:02,751 - INFO -   Count (unweighted): 6,655
2025-10-15 10:16:02,752 - INFO -   Count (weighted):   121,778
2025-10-15 10:16:02,752 - INFO -   % of all households: 23.1%
2025-10-15 10:16:02,764 - INFO - 
================================================================================
2025-10-15 10:16:02,764 - INFO - 3. DEPENDENT CLASSIFICATION ANALYSIS
2025-10-15 10:16:02,764 - INFO - ================================================================================
2025-10-15 10:16:02,765 - INFO - 
Loading: tax_units_calibrated_20251015_101208.parquet
2025-10-15 10:16:03,442 - INFO - 
Dependents in Tax Units:
2025-10-15 10:16:03,442 - INFO -   Total dependents (unweighted): 11,377
2025-10-15 10:16:03,442 - INFO -   Total dependents (weighted):   241,073
2025-10-15 10:16:03,453 - INFO - 
Children in PUMS (<18):
2025-10-15 10:16:03,453 - INFO -   Total children (unweighted): 13,633
2025-10-15 10:16:03,453 - INFO -   Total children (weighted):   305,141
2025-10-15 10:16:03,453 - INFO - 
Comparison:
2025-10-15 10:16:03,453 - INFO -   Dependents in tax units:      241,073
2025-10-15 10:16:03,453 - INFO -   Children in PUMS:             305,141
2025-10-15 10:16:03,453 - INFO -   Difference:                    64,068
2025-10-15 10:16:03,453 - INFO -   Coverage rate:                 79.0%
2025-10-15 10:16:03,502 - INFO - 
Young Adults (18-24):
2025-10-15 10:16:03,502 - INFO -   Count (unweighted): 6,176
2025-10-15 10:16:03,502 - INFO -   Count (weighted):   122,376
2025-10-15 10:16:03,502 - INFO -   % of adults:        10.7%
2025-10-15 10:16:03,502 - INFO - 
Young Adults by Relationship to Householder:
2025-10-15 10:16:03,504 - INFO -   Other relative                       50,843 ( 41.5%)
2025-10-15 10:16:03,504 - INFO -   Unknown (38)                         16,017 ( 13.1%)
2025-10-15 10:16:03,504 - INFO -   Householder                          14,043 ( 11.5%)
2025-10-15 10:16:03,504 - INFO -   Noninstitutionalized                  9,567 (  7.8%)
2025-10-15 10:16:03,504 - INFO -   Unknown (34)                          5,818 (  4.8%)
2025-10-15 10:16:03,504 - INFO -   Unknown (33)                          5,330 (  4.4%)
2025-10-15 10:16:03,504 - INFO -   Spouse                                5,060 (  4.1%)
2025-10-15 10:16:03,504 - INFO -   Unknown (36)                          5,016 (  4.1%)
2025-10-15 10:16:03,504 - INFO -   Other nonrelative                     2,640 (  2.2%)
2025-10-15 10:16:03,504 - INFO -   In-law                                2,162 (  1.8%)
2025-10-15 10:16:03,504 - INFO -   Unknown (32)                          1,987 (  1.6%)
2025-10-15 10:16:03,504 - INFO -   Parent                                1,952 (  1.6%)
2025-10-15 10:16:03,504 - INFO -   Grandchild                            1,470 (  1.2%)
2025-10-15 10:16:03,504 - INFO -   Unknown (37)                            218 (  0.2%)
2025-10-15 10:16:03,504 - INFO -   Sibling                                 150 (  0.1%)
2025-10-15 10:16:03,504 - INFO -   Child                                    76 (  0.1%)
2025-10-15 10:16:03,504 - INFO -   Unknown (35)                             27 (  0.0%)
2025-10-15 10:16:03,505 - INFO - 
Adult Children of Householder (RELSHIPP=23):
2025-10-15 10:16:03,505 - INFO -   Count (unweighted): 176
2025-10-15 10:16:03,505 - INFO -   Count (weighted):   3,229
2025-10-15 10:16:03,505 - INFO -   % of adults:        0.3%
2025-10-15 10:16:03,505 - INFO - 
Age Distribution of Adult Children:
2025-10-15 10:16:03,505 - INFO -   18-21:           32 (  1.0%)
2025-10-15 10:16:03,505 - INFO -   22-24:           44 (  1.4%)
2025-10-15 10:16:03,506 - INFO -   25-29:          136 (  4.2%)
2025-10-15 10:16:03,506 - INFO -   30-39:          573 ( 17.7%)
2025-10-15 10:16:03,506 - INFO -   40-100:        2,444 ( 75.7%)
2025-10-15 10:16:03,517 - INFO - 
================================================================================
2025-10-15 10:16:03,517 - INFO - 4. TAX UNIT CREATION ANALYSIS
2025-10-15 10:16:03,517 - INFO - ================================================================================
2025-10-15 10:16:04,282 - INFO - 
Tax Unit Statistics:
2025-10-15 10:16:04,282 - INFO -   Total tax units (unweighted): 38,943
2025-10-15 10:16:04,283 - INFO -   Total tax units (weighted):   466,355
2025-10-15 10:16:04,287 - INFO - 
Adults in Tax Units:
2025-10-15 10:16:04,287 - INFO -   Primary filers:                     466,355
2025-10-15 10:16:04,287 - INFO -   Joint filer spouses:                158,608
2025-10-15 10:16:04,287 - INFO -   MFS filer spouses:                   11,748
2025-10-15 10:16:04,287 - INFO -   Total adults in tax units:          636,710
2025-10-15 10:16:04,287 - INFO -   Total adults in PUMS:             1,145,448
2025-10-15 10:16:04,287 - INFO -   Unassigned adults:                  508,738
2025-10-15 10:16:04,287 - INFO -   Adult assignment rate:               55.6%
2025-10-15 10:16:04,287 - INFO - 
Filing Status Breakdown:
2025-10-15 10:16:04,290 - INFO -   Single                              246,069 ( 52.8%) -      246,069 adults
2025-10-15 10:16:04,292 - INFO -   Married Filing Jointly              158,608 ( 34.0%) -      317,216 adults
2025-10-15 10:16:04,293 - INFO -   Head Of Household                    49,930 ( 10.7%) -       49,930 adults
2025-10-15 10:16:04,293 - INFO -   Married Filing Separately            11,748 (  2.5%) -       23,496 adults
2025-10-15 10:16:04,302 - INFO - 
================================================================================
2025-10-15 10:16:04,302 - INFO - 5. RECOMMENDATIONS
2025-10-15 10:16:04,302 - INFO - ================================================================================
2025-10-15 10:16:04,302 - INFO - 
Coverage Gap Breakdown:
2025-10-15 10:16:04,302 - INFO -   SOI target:                635,117
2025-10-15 10:16:04,302 - INFO -   Current tax units:         466,355
2025-10-15 10:16:04,302 - INFO -   Gap:                       168,762 (26.6%)
2025-10-15 10:16:04,302 - INFO - 

Potential Sources of Gap:
2025-10-15 10:16:04,302 - INFO - 
1. Household Cap (max 2 per HH):
2025-10-15 10:16:04,302 - INFO -    Lost tax units:      228,078 (135.1% of gap)
2025-10-15 10:16:04,302 - INFO -    ⚠️  SIGNIFICANT - Consider removing or increasing cap
2025-10-15 10:16:04,302 - INFO - 
2. Unassigned Adults:
2025-10-15 10:16:04,302 - INFO -    Unassigned adults:      508,738 (301.5% of gap)
2025-10-15 10:16:04,302 - INFO -    ⚠️  CRITICAL - Many adults not assigned to tax units
2025-10-15 10:16:04,302 - INFO -    → Review tax unit construction logic
2025-10-15 10:16:04,302 - INFO -    → Check if adults are incorrectly classified as dependents
2025-10-15 10:16:04,302 - INFO - 
3. PUMS Population Coverage:
2025-10-15 10:16:04,302 - INFO -    PUMS adults:          1,145,448
2025-10-15 10:16:04,302 - INFO -    SOI filers:             635,117
2025-10-15 10:16:04,302 - INFO -    PUMS surplus:           510,331
2025-10-15 10:16:04,302 - INFO -    ✅ GOOD - PUMS has enough adults
2025-10-15 10:16:04,302 - INFO - 
4. Adult Children (RELSHIPP=23):
2025-10-15 10:16:04,302 - INFO -    Adult children:           3,229 (1.9% of gap)
2025-10-15 10:16:04,302 - INFO -    → These adults should file their own returns
2025-10-15 10:16:04,302 - INFO -    → Check if they're being excluded from tax unit creation
2025-10-15 10:16:04,302 - INFO - 

================================================================================
2025-10-15 10:16:04,302 - INFO - RECOMMENDED ACTIONS
2025-10-15 10:16:04,302 - INFO - ================================================================================
2025-10-15 10:16:04,302 - INFO - 
1. Remove or increase household cap (Priority 1)
2025-10-15 10:16:04,302 - INFO -    Impact: 228,078 additional tax units
2025-10-15 10:16:04,302 - INFO -    Effort: Low - simple code change
2025-10-15 10:16:04,302 - INFO - 
2. Fix adult assignment logic (Priority 1)
2025-10-15 10:16:04,303 - INFO -    Impact: 508,738 additional tax units
2025-10-15 10:16:04,303 - INFO -    Effort: Medium - requires debugging
2025-10-15 10:16:04,303 - INFO - 
================================================================================
2025-10-15 10:16:04,303 - INFO - INVESTIGATION COMPLETE
2025-10-15 10:16:04,303 - INFO - ================================================================================
