2025-08-03 13:47:32,948 - INFO - === Hawaii District-Level CTC Analysis ===
2025-08-03 13:47:32,948 - INFO - Output directory: output/hawaii_districts
2025-08-03 13:47:32,948 - INFO - District types: ['house', 'senate', 'county']
2025-08-03 13:47:33,044 - INFO - Loaded 47,006 tax units from src/data/processed/tax_units_rule_based.parquet
2025-08-03 13:47:33,044 - INFO - Validating tax units data...
2025-08-03 13:47:33,045 - ERROR - Analysis failed: Missing required columns: ['PUMA']
2025-08-03 14:10:32,913 - INFO - === Hawaii District-Level CTC Analysis ===
2025-08-03 14:10:32,913 - INFO - Output directory: output/hawaii_districts
2025-08-03 14:10:32,913 - INFO - District types: ['house', 'senate', 'county']
2025-08-03 14:10:32,992 - INFO - Loaded 47,006 tax units from src/data/processed/tax_units_rule_based.parquet
2025-08-03 14:10:32,997 - INFO - Loaded 32,104 households from data/processed/pums_household_processed.parquet
2025-08-03 14:10:33,009 - WARNING - 33,559 tax units missing PUMA assignment
2025-08-03 14:10:33,009 - INFO - Successfully merged PUMA data for 13,447 tax units
2025-08-03 14:10:33,009 - INFO - Validating tax units data...
2025-08-03 14:10:33,017 - INFO - Validation complete: 13,447 units retained (33,559 removed)
2025-08-03 14:10:33,019 - INFO - Generating comprehensive district CTC analysis...
2025-08-03 14:10:33,019 - INFO - Creating comprehensive CTC district analysis report...
2025-08-03 14:10:33,020 - ERROR - Analysis failed: GeographicAnalyzer.__init__() missing 1 required positional argument: 'tax_units_df'
2025-08-03 14:13:13,018 - INFO - === Hawaii District-Level CTC Analysis ===
2025-08-03 14:13:13,018 - INFO - Output directory: output/hawaii_districts
2025-08-03 14:13:13,018 - INFO - District types: ['house', 'senate', 'county']
2025-08-03 14:13:13,097 - INFO - Loaded 47,006 tax units from src/data/processed/tax_units_rule_based.parquet
2025-08-03 14:13:13,102 - INFO - Loaded 32,104 households from data/processed/pums_household_processed.parquet
2025-08-03 14:13:13,115 - WARNING - 33,559 tax units missing PUMA assignment
2025-08-03 14:13:13,116 - INFO - Successfully merged PUMA data for 13,447 tax units
2025-08-03 14:13:13,116 - INFO - Validating tax units data...
2025-08-03 14:13:13,122 - INFO - Validation complete: 13,447 units retained (33,559 removed)
2025-08-03 14:13:13,124 - INFO - Generating comprehensive district CTC analysis...
2025-08-03 14:13:13,124 - INFO - Creating comprehensive CTC district analysis report...
2025-08-03 14:13:13,126 - INFO - Validated data with 13,447 tax units
2025-08-03 14:13:13,126 - INFO - Calculating CTC for all tax units...
2025-08-03 14:13:13,128 - ERROR - Analysis failed: 'str' object has no attribute 'get'
2025-08-03 14:39:52,962 - INFO - === Hawaii District-Level CTC Analysis ===
2025-08-03 14:39:52,962 - INFO - Output directory: output/hawaii_districts
2025-08-03 14:39:52,962 - INFO - District types: ['house', 'senate', 'county']
2025-08-03 14:39:52,962 - INFO - Loading tax units from src/data/processed/tax_units_rule_based.parquet
2025-08-03 14:39:53,063 - INFO - Loaded 47,006 tax units
2025-08-03 14:39:53,064 - INFO - Loading person data from data/processed/pums_person_processed.parquet
2025-08-03 14:39:53,073 - INFO - Loaded 73,971 person records
2025-08-03 14:39:53,084 - INFO - Processing dependents...
2025-08-03 14:39:59,739 - INFO - Loading household data from data/processed/pums_household_processed.parquet
2025-08-03 14:39:59,746 - INFO - Loaded 32,104 households
2025-08-03 14:39:59,758 - WARNING - 33,559 tax units missing PUMA assignment
2025-08-03 14:39:59,758 - INFO - Successfully processed 47,006 tax units with dependents and PUMA data
2025-08-03 14:39:59,759 - INFO - Validating tax units data...
2025-08-03 14:39:59,763 - INFO - Validation complete: 13,447 units retained (33,559 removed)
2025-08-03 14:39:59,765 - INFO - Generating comprehensive district CTC analysis...
2025-08-03 14:39:59,765 - INFO - Creating comprehensive CTC district analysis report...
2025-08-03 14:39:59,766 - INFO - Validated data with 13,447 tax units
2025-08-03 14:39:59,766 - INFO - Calculating CTC for all tax units...
2025-08-03 14:40:00,001 - INFO - CTC calculations completed
2025-08-03 14:40:00,002 - INFO - Generating statewide CTC summary...
2025-08-03 14:40:00,002 - INFO - Generating house district CTC estimates...
2025-08-03 14:40:00,005 - WARNING - 13447 tax units could not be mapped to house districts
2025-08-03 14:40:00,006 - INFO - Generated estimates for 0 house districts
2025-08-03 14:40:00,007 - INFO - Generating senate district CTC estimates...
2025-08-03 14:40:00,010 - WARNING - 13447 tax units could not be mapped to senate districts
2025-08-03 14:40:00,010 - INFO - Generated estimates for 0 senate districts
2025-08-03 14:40:00,010 - INFO - Generating county district CTC estimates...
2025-08-03 14:40:00,012 - ERROR - Analysis failed: 'county_district'
2025-08-03 14:48:39,787 - INFO - === Hawaii District-Level CTC Analysis ===
2025-08-03 14:48:39,788 - INFO - Output directory: output/hawaii_districts
2025-08-03 14:48:39,788 - INFO - District types: ['house', 'senate', 'county']
2025-08-03 14:48:39,788 - INFO - Loading tax units from src/data/processed/tax_units_rule_based.parquet
2025-08-03 14:48:39,873 - INFO - Loaded 47,006 tax units
2025-08-03 14:48:39,873 - INFO - Loading person data from data/processed/pums_person_processed.parquet
2025-08-03 14:48:39,882 - INFO - Loaded 73,971 person records
2025-08-03 14:48:39,892 - INFO - Processing dependents...
2025-08-03 14:48:46,757 - INFO - Loading household data from data/processed/pums_household_processed.parquet
2025-08-03 14:48:46,762 - INFO - Loaded 32,104 households
2025-08-03 14:48:46,781 - WARNING - 33,559 tax units missing PUMA assignment
2025-08-03 14:48:46,781 - INFO - Successfully processed 47,006 tax units with dependents and PUMA data
2025-08-03 14:48:46,782 - INFO - Validating tax units data...
2025-08-03 14:48:46,786 - INFO - Validation complete: 13,447 units retained (33,559 removed)
2025-08-03 14:48:46,789 - INFO - Generating comprehensive district CTC analysis...
2025-08-03 14:48:46,789 - INFO - Creating comprehensive CTC district analysis report...
2025-08-03 14:48:46,790 - INFO - Validated data with 13,447 tax units
2025-08-03 14:48:46,790 - INFO - Calculating CTC for all tax units...
2025-08-03 14:48:47,052 - INFO - CTC calculations completed
2025-08-03 14:48:47,053 - INFO - Generating statewide CTC summary...
2025-08-03 14:48:47,054 - INFO - Generating house district CTC estimates...
2025-08-03 14:48:47,056 - INFO - Created house mapping for 70 PUMAs
2025-08-03 14:48:47,056 - ERROR - Analysis failed: Can only merge Series or DataFrame objects, a <class 'dict'> was passed
2025-08-03 14:57:24,164 - INFO - === Hawaii District-Level CTC Analysis ===
2025-08-03 14:57:24,164 - INFO - Output directory: output/hawaii_districts
2025-08-03 14:57:24,164 - INFO - District types: ['house', 'senate', 'county']
2025-08-03 14:57:24,164 - INFO - Loading tax units from src/data/processed/tax_units_rule_based.parquet
2025-08-03 14:57:24,256 - INFO - Loaded 47,006 tax units
2025-08-03 14:57:24,256 - INFO - Loading person data from data/processed/pums_person_processed.parquet
2025-08-03 14:57:24,269 - INFO - Loaded 73,971 person records
2025-08-03 14:57:24,278 - INFO - Processing dependents...
2025-08-03 14:57:30,953 - INFO - Loading household data from data/processed/pums_household_processed.parquet
2025-08-03 14:57:30,958 - INFO - Loaded 32,104 households
2025-08-03 14:57:30,970 - WARNING - 33,559 tax units missing PUMA assignment
2025-08-03 14:57:30,970 - INFO - Successfully processed 47,006 tax units with dependents and PUMA data
2025-08-03 14:57:30,971 - INFO - Validating tax units data...
2025-08-03 14:57:30,974 - INFO - Validation complete: 13,447 units retained (33,559 removed)
2025-08-03 14:57:30,976 - INFO - Generating comprehensive district CTC analysis...
2025-08-03 14:57:30,976 - INFO - Creating comprehensive CTC district analysis report...
2025-08-03 14:57:30,977 - INFO - Validated data with 13,447 tax units
2025-08-03 14:57:30,977 - INFO - Calculating CTC for all tax units...
2025-08-03 14:57:31,212 - INFO - CTC calculations completed
2025-08-03 14:57:31,212 - INFO - Generating statewide CTC summary...
2025-08-03 14:57:31,213 - INFO - Generating house district CTC estimates...
2025-08-03 14:57:31,214 - INFO - Created house mapping for 70 PUMAs
2025-08-03 14:57:31,218 - WARNING - 13447 tax units could not be mapped to house districts
2025-08-03 14:57:31,218 - INFO - Generated estimates for 0 house districts
2025-08-03 14:57:31,219 - INFO - Generating senate district CTC estimates...
2025-08-03 14:57:31,220 - INFO - Created senate mapping for 70 PUMAs
2025-08-03 14:57:31,222 - WARNING - 13447 tax units could not be mapped to senate districts
2025-08-03 14:57:31,223 - INFO - Generated estimates for 0 senate districts
2025-08-03 14:57:31,223 - INFO - Generating county district CTC estimates...
2025-08-03 14:57:31,224 - INFO - Created county mapping for 70 PUMAs
2025-08-03 14:57:31,227 - WARNING - 13447 tax units could not be mapped to county districts
2025-08-03 14:57:31,227 - ERROR - Analysis failed: 'county'
